// Jest Snapshot v1, https://goo.gl/fbAQLP

exports[`Pruebas de GiftItem Debe coincidir el snapshot  1`] = `
<div>
  <div
    class="card"
  >
    <img
      alt="Titulo1"
      src="https//url.com"
    />
    <p>
      Titulo1
    </p>
  </div>
</div>
`;
